--------- beginning of main
10-04 15:17:25.025  2337  2337 I Unity   : applyWindowUIChanges fullScreen = true, renderOutsideSafeArea = true
10-04 15:17:25.468  2337  2337 V Unity   : Context Type: GameActivity
10-04 15:17:25.471  2337  2337 D Unity   : CommandLine:  
10-04 15:17:25.492  2337  2472 I Unity   : UnityApplication::CreateInstance
10-04 15:17:25.492  2337  2472 I Unity   : GameActivity Package Version '4.4.0'
10-04 15:17:25.495  2337  2472 I Unity   : Starting Game Loop
10-04 15:17:25.565  2337  2472 I Unity   : Handle cmd APP_CMD_START(11)
10-04 15:17:25.567  2337  2337 I Unity   : onResume
10-04 15:17:25.573  2337  2472 I Unity   : Handle cmd APP_CMD_RESUME(12)
10-04 15:17:25.609  2337  2472 I Unity   : Handle cmd APP_CMD_WINDOW_INSETS_CHANGED(17)
10-04 15:17:25.638  2337  2472 I Unity   : Handle cmd APP_CMD_WINDOW_INSETS_CHANGED(17)
10-04 15:17:25.640  2337  2472 I Unity   : Handle cmd APP_CMD_CONTENT_RECT_CHANGED(5)
10-04 15:17:25.647  2337  2472 I Unity   : Handle cmd APP_CMD_INIT_WINDOW(1)
10-04 15:17:25.741  2337  2472 I Unity   : MemoryManager: Using 'Dynamic Heap' Allocator.
10-04 15:17:25.743  2337  2472 D Unity   : [UnityMemory] Configuration Parameters - Can be set up in boot.config
10-04 15:17:25.743  2337  2472 D Unity   :     "memorysetup-allocator-temp-initial-block-size-main=262144"
10-04 15:17:25.743  2337  2472 D Unity   :     "memorysetup-allocator-temp-initial-block-size-worker=262144"
10-04 15:17:25.743  2337  2472 D Unity   :     "memorysetup-temp-allocator-size-background-worker=32768"
10-04 15:17:25.743  2337  2472 D Unity   :     "memorysetup-temp-allocator-size-job-worker=262144"
10-04 15:17:25.743  2337  2472 D Unity   :     "memorysetup-temp-allocator-size-preload-manager=262144"
10-04 15:17:25.743  2337  2472 D Unity   :     "memorysetup-remapper-allocator-initial-capacity=32768"
10-04 15:17:25.743  2337  2472 D Unity   :     "memorysetup-temp-allocator-size-nav-mesh-worker=65536"
10-04 15:17:25.743  2337  2472 D Unity   :     "memorysetup-temp-allocator-size-audio-worker=65536"
10-04 15:17:25.744  2337  2472 D Unity   :     "memorysetup-temp-allocator-size-cloud-worker=32768"
10-04 15:17:25.744  2337  2472 D Unity   :     "memorysetup-bucket-allocator-granularity=16"
10-04 15:17:25.744  2337  2472 D Unity   :     "memorysetup-bucket-allocator-bucket-count=8"
10-04 15:17:25.744  2337  2472 D Unity   :     "memorysetup-bucket-allocator-block-size=4194304"
10-04 15:17:25.744  2337  2472 D Unity   :     "memorysetup-bucket-allocator-block-count=1"
10-04 15:17:25.744  2337  2472 D Unity   :     "memorysetup-main-allocator-block-size=16777216"
10-04 15:17:25.747  2337  2472 D Unity   :     "memorysetup-thread-allocator-block-size=16777216"
10-04 15:17:25.747  2337  2472 D Unity   :     "memorysetup-gfx-main-allocator-block-size=16777216"
10-04 15:17:25.747  2337  2472 D Unity   :     "memorysetup-gfx-thread-allocator-block-size=16777216"
10-04 15:17:25.747  2337  2472 D Unity   :     "memorysetup-cache-allocator-block-size=4194304"
10-04 15:17:25.747  2337  2472 D Unity   :     "memorysetup-typetree-allocator-block-size=2097152"
10-04 15:17:25.747  2337  2472 D Unity   :     "memorysetup-profiler-bucket-allocator-granularity=16"
10-04 15:17:25.747  2337  2472 D Unity   :     "memorysetup-profiler-bucket-allocator-bucket-count=8"
10-04 15:17:25.747  2337  2472 D Unity   :     "memorysetup-profiler-bucket-allocator-block-size=4194304"
10-04 15:17:25.747  2337  2472 D Unity   :     "memorysetup-profiler-bucket-allocator-block-count=1"
10-04 15:17:25.747  2337  2472 D Unity   :     "memorysetup-profiler-allocator-block-size=16777216"
10-04 15:17:25.770  2337  2472 D Unity   :     "memorysetup-profiler-editor-allocator-block-size=1048576"
10-04 15:17:25.770  2337  2472 D Unity   :     "memorysetup-temp-allocator-size-main=4194304"
10-04 15:17:25.770  2337  2472 D Unity   :     "memorysetup-job-temp-allocator-block-size=2097152"
10-04 15:17:25.770  2337  2472 D Unity   :     "memorysetup-job-temp-allocator-block-size-background=1048576"
10-04 15:17:25.770  2337  2472 D Unity   :     "memorysetup-job-temp-allocator-reduction-small-platforms=262144"
10-04 15:17:25.770  2337  2472 D Unity   :     "memorysetup-temp-allocator-size-gfx=262144"
10-04 15:17:25.795  2337  2337 I Unity   : windowFocusChanged: true
10-04 15:17:25.796  2337  2337 I Unity   : applyWindowUIChanges fullScreen = true, renderOutsideSafeArea = true
10-04 15:17:25.796  2337  2337 I Unity   : resumeUnity
10-04 15:17:26.122  2337  2472 D Unity   : Enabling Unity systrace
10-04 15:17:26.123  2337  2472 D Unity   : Starting Unity systrace
10-04 15:17:26.299  2337  2472 I Unity   : SetGameState: isLoading: true, mode: UNKNOWN, label: -2, quality: -1
10-04 15:17:26.363  2337  2472 D Unity   : [VFS] Mount /data/app/~~Vj8MJCStP9aPotb6vdLEIQ==/com.DefaultCompany.urp_2d-0zCYXEAhzfA-Ks8dwi79PA==/base.apk
10-04 15:17:26.480  2337  2337 I Unity   : windowFocusChanged: false
10-04 15:17:26.595  2337  2337 I Unity   : applyWindowUIChanges fullScreen = true, renderOutsideSafeArea = true
10-04 15:17:26.599  2337  2472 I Unity   : SystemInfo CPU = x86-64 SSE3 SSE4.1 AVX, Cores = 2, Memory = 2976mb
10-04 15:17:26.599  2337  2472 I Unity   : SystemInfo ARM big.LITTLE configuration: 2 big (mask: 0x3), 0 little (mask: 0x0)
10-04 15:17:26.600  2337  2472 I Unity   : ApplicationInfo 'com.DefaultCompany.urp_2d', Version '1.0', Min API Level '25', Target API Level '36'
10-04 15:17:26.613  2337  2472 I Unity   : Built from '6000.3/staging' branch, Version '6000.3.25f1 (e1dba0a9aba4)', Build type 'Development', Scripting Backend 'il2cpp', CPU 'arm64-v8a', Stripping 'Enabled'
10-04 15:17:26.613  2337  2472 I Unity   : Device Model 'Google sdk_gphone64_x86_64', OS 'Android OS 15 (API 35)'
10-04 15:17:26.647  2337  2472 D Unity   : Determine if il2cpp resources need to extracted:
10-04 15:17:26.680  2337  2472 D Unity   :     il2cpp resources are up to date, not extracting
10-04 15:17:27.299  2337  2472 D Unity   : [EGL] Attaching window :0x787d54db0750
10-04 15:17:27.299  2337  2472 D Unity   : InitializeScriptEngine OK (0x787fc2ab8fc0)
10-04 15:17:27.307  2337  2472 D Unity   : Found 2 interfaces on host :
10-04 15:17:27.308  2337  2472 D Unity   :  0) 10.0.2.15
10-04 15:17:27.308  2337  2472 D Unity   :  1) 10.0.2.16
10-04 15:17:27.308  2337  2472 D Unity   : 
10-04 15:17:27.312  2337  2472 D Unity   : Player connection [132476414372032]  Target information:
10-04 15:17:27.312  2337  2472 D Unity   : 
10-04 15:17:27.312  2337  2472 D Unity   : Player connection [132476414372032]  * "[IP] 10.0.2.15 [Port] 55000 [Flags] 2 [Guid] 511941544 [EditorId] 1623866242 [Version] 1048832 [Id] AndroidPlayer(11,Google_sdk_gphone64_x86_64@10.0.2.16) [Debug] 0 [PackageName] AndroidPlayer [ProjectName] Startup Life" 
10-04 15:17:27.312  2337  2472 D Unity   : 
10-04 15:17:27.312  2337  2472 D Unity   : Player connection [132476414372032]  * "[IP] 10.0.2.16 [Port] 55000 [Flags] 2 [Guid] 511941544 [EditorId] 1623866242 [Version] 1048832 [Id] AndroidPlayer(11,Google_sdk_gphone64_x86_64@10.0.2.16) [Debug] 0 [PackageName] AndroidPlayer [ProjectName] Startup Life" 
10-04 15:17:27.312  2337  2472 D Unity   : 
10-04 15:17:27.313  2337  2472 D Unity   : Player connection [132476414372032] Started UDP target info broadcast (1) on [225.0.0.222:54997].
10-04 15:17:27.313  2337  2472 D Unity   : 
10-04 15:17:27.442  2337  2472 D Unity   : Input System module state changed to: Initialized.
10-04 15:17:27.488  2337  2472 D Unity   : [Physics::Module] Initialized fallback backend.
10-04 15:17:27.488  2337  2472 D Unity   : [Physics::Module] Id: 0xdecafbad
10-04 15:17:27.586  2337  2472 D Unity   : PlayerInitEngineNoGraphics OK
10-04 15:17:27.586  2337  2472 I Unity   : Company Name: Startup Life
10-04 15:17:27.587  2337  2472 I Unity   : Product Name: Startup Life
10-04 15:17:27.587  2337  2472 D Unity   : AndroidGraphics::Startup window =  0x787d54db0750
10-04 15:17:27.587  2337  2472 D Unity   : [EGL] Attaching window :0x787d54db0750
10-04 15:17:27.589  2337  2337 I Unity   : applyWindowUIChanges fullScreen = true, renderOutsideSafeArea = true
10-04 15:17:27.597  2337  2472 D Unity   : [Subsystems] Discovering subsystems at path /data/app/~~Vj8MJCStP9aPotb6vdLEIQ==/com.DefaultCompany.urp_2d-0zCYXEAhzfA-Ks8dwi79PA==/base.apk/assets/bin/Data/UnitySubsystems
10-04 15:17:27.644  2337  2472 D Unity   : [Vulkan init] extensions: count=13
10-04 15:17:27.646  2337  2472 D Unity   : [Vulkan init] extensions: name=VK_EXT_debug_report [enabled=0, external=0]
10-04 15:17:27.647  2337  2472 D Unity   : [Vulkan init] extensions: name=VK_EXT_debug_utils [enabled=1, external=0]
10-04 15:17:27.647  2337  2472 D Unity   : [Vulkan init] extensions: name=VK_EXT_surface_maintenance1 [enabled=0, external=0]
10-04 15:17:27.647  2337  2472 D Unity   : [Vulkan init] extensions: name=VK_EXT_swapchain_colorspace [enabled=1, external=0]
10-04 15:17:27.648  2337  2472 D Unity   : [Vulkan init] extensions: name=VK_GOOGLE_surfaceless_query [enabled=0, external=0]
10-04 15:17:27.648  2337  2472 D Unity   : [Vulkan init] extensions: name=VK_KHR_android_surface [enabled=1, external=0]
10-04 15:17:27.648  2337  2472 D Unity   : [Vulkan init] extensions: name=VK_KHR_external_fence_capabilities [enabled=1, external=0]
10-04 15:17:27.648  2337  2472 D Unity   : [Vulkan init] extensions: name=VK_KHR_external_memory_capabilities [enabled=1, external=0]
10-04 15:17:27.648  2337  2472 D Unity   : [Vulkan init] extensions: name=VK_KHR_external_semaphore_capabilities [enabled=1, external=0]
10-04 15:17:27.648  2337  2472 D Unity   : [Vulkan init] extensions: name=VK_KHR_get_physical_device_properties2 [enabled=1, external=0]
10-04 15:17:27.648  2337  2472 D Unity   : [Vulkan init] extensions: name=VK_KHR_get_surface_capabilities2 [enabled=0, external=0]
10-04 15:17:27.648  2337  2472 D Unity   : [Vulkan init] extensions: name=VK_KHR_surface [enabled=1, external=0]
10-04 15:17:27.648  2337  2472 D Unity   : [Vulkan init] extensions: name=VK_KHR_surface_protected_capabilities [enabled=0, external=0]
10-04 15:17:27.668  2337  2472 D Unity   : [Vulkan init] SelectPhysicalDevice requestedDeviceIndex=-1 xrDevice=0x0
10-04 15:17:27.669  2337  2472 D Unity   : [Vulkan init] Physical Device 0x787e84de0650 [0]: "llvmpipe (LLVM 21.1.2, 256 bits)" deviceType=4 vendorID=10005 deviceID=0
10-04 15:17:27.670  2337  2472 D Unity   : Vulkan detection: 0
10-04 15:17:27.698  2337  2472 D Unity   : [EGL] Request: ES 3.2 RGB 000 0/0
10-04 15:17:27.698  2337  2472 D Unity   : [EGL] Checking ES 3.2 support...
10-04 15:17:27.699  2337  2472 D Unity   : [EGL] ES3.2 not supported
10-04 15:17:27.699  2337  2472 D Unity   : [EGL] Request: ES 3.1+AEP RGB 000 0/0
10-04 15:17:27.699  2337  2472 D Unity   : [EGL] Checking ES 3.1 support...
10-04 15:17:27.699  2337  2472 D Unity   : [EGL] ES3.1 not supported
10-04 15:17:27.699  2337  2472 D Unity   : [EGL] Request: ES 3.1 RGB 000 0/0
10-04 15:17:27.701  2337  2472 D Unity   : [EGL] Request: ES 3.0 RGB 000 0/0
10-04 15:17:27.702  2337  2472 D Unity   : [EGL] Found: ID[7] ES 3.0 RGB 565 24/8
10-04 15:17:27.706  2337  2472 D Unity   : GfxDevice: creating device client; kGfxThreadingModeThreaded
10-04 15:17:27.711  2337  2472 D Unity   : [EGL] Request: ES 3.2 RGB 000 0/0
10-04 15:17:27.712  2337  2472 D Unity   : [EGL] Request: ES 3.1+AEP RGB 000 0/0
10-04 15:17:27.712  2337  2472 D Unity   : [EGL] Request: ES 3.1 RGB 000 0/0
10-04 15:17:27.712  2337  2472 D Unity   : [EGL] Request: ES 3.0 RGB 000 0/0
10-04 15:17:27.713  2337  2472 D Unity   : [EGL] Found: ID[7] ES 3.0 RGB 565 24/8
10-04 15:17:27.716  2337  2472 D Unity   : [EGL] Request: ES 3.0 RGBA 8888 0/0
10-04 15:17:27.718  2337  2472 D Unity   : [EGL] Found: ID[2] ES 3.0 RGBA 8888 24/8
10-04 15:17:27.721  2337  2472 D Unity   : ANativeWindow: (1080/1920) RequestedResolution: (0/0) RenderingResolution: (0/0) EGLSurface: (1080/1920)
10-04 15:17:27.761  2337  2472 D Unity   : Renderer: Android Emulator OpenGL ES Translator (Google SwiftShader)
10-04 15:17:27.761  2337  2472 D Unity   : Vendor:   Google (Google Inc.)
10-04 15:17:27.761  2337  2472 D Unity   : Version:  OpenGL ES 3.0 (OpenGL ES 3.0 SwiftShader 4.0.0.1)
10-04 15:17:27.761  2337  2472 D Unity   : GLES:     3
10-04 15:17:27.761  2337  2472 D Unity   :  GL_EXT_debug_marker GL_EXT_robustness GL_OES_EGL_sync GL_OES_EGL_image GL_OES_EGL_image_external GL_OES_depth24 GL_OES_depth32 GL_OES_element_index_uint GL_OES_texture_float GL_OES_texture_float_linear GL_OES_compressed_paletted_texture GL_OES_compressed_ETC1_RGB8_texture GL_OES_depth_texture GL_OES_texture_half_float GL_OES_texture_half_float_linear GL_OES_packed_depth_stencil GL_OES_vertex_half_float GL_OES_standard_derivatives GL_OES_texture_npot GL_OES_rgb8_rgba8 GL_EXT_color_buffer_float GL_EXT_color_buffer_half_float GL_EXT_texture_format_BGRA8888 GL_APPLE_texture_format_BGRA8888 ANDROID_EMU_CHECKSUM_HELPER_v1 ANDROID_EMU_native_sync_v2 ANDROID_EMU_dma_v1 ANDROID_EMU_direct_mem ANDROID_EMU_host_composition_v1 ANDROID_EMU_host_composition_v2 ANDROID_EMU_vulkan ANDROID_EMU_deferred_vulkan_commands ANDROID_EMU_vulkan_null_optional_strings ANDROID_EMU_vulkan_create_resources_with_requirements ANDROID_EMU_YUV_Cache ANDROID_EMU_vulkan_ignored_handles ANDROID_EMU_has_shared_slots_host_memory_allocator ANDROI
10-04 15:17:27.761  2337  2472 D Unity   : D_EMU_vulkan_free_memory_sync ANDROID_EMU_vulkan_shader_float16_int8 ANDROID_EMU_vulkan_async_queue_submit ANDROID_EMU_vulkan_queue_submit_with_commands ANDROID_EMU_sync_buffer_data ANDROID_EMU_vulkan_async_qsri ANDROID_EMU_read_color_buffer_dma ANDROID_EMU_hwc_multi_configs ANDROID_EMU_hwc_color_transform GL_OES_EGL_image_external_essl3 GL_OES_vertex_array_object GL_KHR_texture_compression_astc_ldr ANDROID_EMU_host_side_tracing ANDROID_EMU_gles_max_version_3_0
10-04 15:17:27.771  2337  2472 D Unity   : OPENGL LOG: Creating OpenGL ES 3.0 graphics device ; Context level  <OpenGL ES 3.0> ; Context handle -186886992
10-04 15:17:27.786  2337  2472 D Unity   : [EGL] Attaching window :0x787d54db0750
10-04 15:17:27.789  2337  2472 D Unity   : Requested framebuffer: resolution[1080x1920], rgba[8/8/8/8], depth+stencil[on], samples[1]
10-04 15:17:27.790  2337  2472 D Unity   : Created framebuffer: resolution[1080x1920], rgba[8/8/8/8], depth+stencil[24/8], samples[0] 
10-04 15:17:27.839  2337  2472 D Unity   : SwappyWrapper: InitSwappyWrapper() succeeded.
10-04 15:17:27.859  2337  2472 D Unity   : [EGL] Attaching window :0x787d54db0750
10-04 15:17:27.860  2337  2472 D Unity   : Initialize engine version: 6000.3.25f1 (e1dba0a9aba4)
10-04 15:17:29.110  2337  2472 D Unity   : [Physics::Module] Selected backend.
10-04 15:17:29.110  2337  2472 D Unity   : [Physics::Module] Name: PhysX
10-04 15:17:29.110  2337  2472 D Unity   : [Physics::Module] Id: 0xf2b8ea05
10-04 15:17:29.110  2337  2472 D Unity   : [Physics::Module] SDK Version: 4.1.2
10-04 15:17:29.110  2337  2472 D Unity   : [Physics::Module] Integration Version: 1.0.0
10-04 15:17:29.110  2337  2472 D Unity   : [Physics::Module] Threading Mode: Multi-Threaded
10-04 15:17:29.958  2337  2472 D Unity   : ERROR: Shader 
10-04 15:17:29.958  2337  2472 D Unity   : Hidden/CoreSRP/CoreCopy shader is not supported on this GPU (none of subshaders/fallbacks are suitable)
10-04 15:17:30.269  2337  2472 D Unity   : ERROR: Shader 
10-04 15:17:30.269  2337  2472 D Unity   : Hidden/Universal/HDRDebugView shader is not supported on this GPU (none of subshaders/fallbacks are suitable)
10-04 15:17:30.449  2337  2472 D Unity   : PlayerInitEngineGraphics OK
10-04 15:17:30.496  2337  2472 I Unity   : SetGameState: isLoading: false, mode: UNKNOWN, label: -1, quality: 2
10-04 15:17:30.496  2337  2472 I Unity   :     HasWindow = 1, HasFocus = 0
10-04 15:17:30.496  2337  2472 I Unity   : Handle cmd APP_CMD_WINDOW_RESIZED(3)
10-04 15:17:30.497  2337  2472 D Unity   : NativeWindow resized 1080x1920
10-04 15:17:30.497  2337  2472 I Unity   : Handle cmd APP_CMD_WINDOW_REDRAW_NEEDED(4)
10-04 15:17:30.497  2337  2472 I Unity   : Handle cmd APP_CMD_GAINED_FOCUS(7)
10-04 15:17:30.497  2337  2472 I Unity   : Handle cmd APP_CMD_LOST_FOCUS(8)
10-04 15:17:30.497  2337  2472 I Unity   : Handle cmd APP_CMD_WINDOW_INSETS_CHANGED(17)
10-04 15:17:41.301  2337  2337 I Unity   : windowFocusChanged: true
10-04 15:17:41.301  2337  2337 I Unity   : applyWindowUIChanges fullScreen = true, renderOutsideSafeArea = true
10-04 15:17:41.302  2337  2472 I Unity   : Handle cmd APP_CMD_GAINED_FOCUS(7)
10-04 15:17:41.320  2337  2472 D Unity   : ANativeWindow: (1080/1920) RequestedResolution: (0/0) RenderingResolution: (0/0) EGLSurface: (1080/1920)
10-04 15:17:41.677  2337  2472 I Unity   : SetGameState: isLoading: true, mode: UNKNOWN, label: 0, quality: 2
10-04 15:17:43.782  2337  2472 D Unity   : UnloadTime: 10.511200 ms
10-04 15:17:44.916  2337  2472 I Unity   : SetGameState: isLoading: true, mode: UNKNOWN, label: -4, quality: 2
10-04 15:17:45.262  2337  2472 I Unity   : SetGameState: isLoading: false, mode: UNKNOWN, label: 0, quality: 2
10-04 15:17:45.273  2337  2472 D Unity   : Using NDK Choreographer.
10-04 15:17:45.294  2337  2472 D Unity   : Stopping Unity systrace
