--------- beginning of crash
10-04 05:41:19.325  6230  6255 F libc    : Fatal signal 11 (SIGSEGV), code 1 (SEGV_MAPERR), fault addr 0x0 in tid 6255 (UnityMain), pid 6230 (tCompany.urp_2d)
10-04 05:41:19.383  6266  6266 F DEBUG   : *** *** *** *** *** *** *** *** *** *** *** *** *** *** *** ***
10-04 05:41:19.383  6266  6266 F DEBUG   : Build fingerprint: 'google/sdk_gphone_x86_64/generic_x86_64_arm64:11/RSR1.240422.006/12134477:userdebug/dev-keys'
10-04 05:41:19.383  6266  6266 F DEBUG   : Revision: '0'
10-04 05:41:19.383  6266  6266 F DEBUG   : ABI: 'x86_64'
10-04 05:41:19.383  6266  6266 F DEBUG   : Timestamp: 2026-10-04 05:41:19+0700
10-04 05:41:19.383  6266  6266 F DEBUG   : pid: 6230, tid: 6255, name: UnityMain  >>> com.DefaultCompany.urp_2d <<<
10-04 05:41:19.383  6266  6266 F DEBUG   : uid: 10167
10-04 05:41:19.383  6266  6266 F DEBUG   : signal 11 (SIGSEGV), code 1 (SEGV_MAPERR), fault addr 0x0
10-04 05:41:19.383  6266  6266 F DEBUG   : Cause: null pointer dereference
10-04 05:41:19.383  6266  6266 F DEBUG   :     rax 0000000000000000  rbx 0000000000000000  rcx 0000000000000000  rdx 0000000000000000
10-04 05:41:19.383  6266  6266 F DEBUG   :     r8  0000000000000000  r9  0000000000000000  r10 0000000000000000  r11 0000000000000000
10-04 05:41:19.383  6266  6266 F DEBUG   :     r12 0000000000000000  r13 0000000000000000  r14 0000000000000000  r15 0000000000000000
10-04 05:41:19.383  6266  6266 F DEBUG   :     rdi 0000000000000000  rsi 0000000000000000
10-04 05:41:19.383  6266  6266 F DEBUG   :     rbp 0000000000000000  rsp 0000000000000000  rip 0000000000000000
10-04 05:41:19.383  6266  6266 F DEBUG   : backtrace:
10-04 05:41:19.383  6266  6266 F DEBUG   :       #00 pc 0000000000000000  <unknown>
10-04 05:44:11.539  6324  6353 F libc    : Fatal signal 4 (SIGILL), code -6 (SI_TKILL from pid -1555733056, uid 3167) in tid 6353 (Profiler.Dispat), pid 6324 (tCompany.urp_2d)
10-04 05:44:11.622  6383  6383 F DEBUG   : *** *** *** *** *** *** *** *** *** *** *** *** *** *** *** ***
10-04 05:44:11.623  6383  6383 F DEBUG   : Build fingerprint: 'google/sdk_gphone_x86_64/generic_x86_64_arm64:11/RSR1.240422.006/12134477:userdebug/dev-keys'
10-04 05:44:11.623  6383  6383 F DEBUG   : Revision: '0'
10-04 05:44:11.623  6383  6383 F DEBUG   : ABI: 'x86_64'
10-04 05:44:11.624  6383  6383 F DEBUG   : Timestamp: 2026-10-04 05:44:11+0700
10-04 05:44:11.624  6383  6383 F DEBUG   : pid: 6324, tid: 6353, name: Profiler.Dispat  >>> com.DefaultCompany.urp_2d <<<
10-04 05:44:11.624  6383  6383 F DEBUG   : uid: 10167
10-04 05:44:11.624  6383  6383 F DEBUG   : signal 4 (SIGILL), code -6 (SI_TKILL from pid -1555733056, uid 3167), fault addr --------
10-04 05:44:11.624  6383  6383 F DEBUG   :     rax 0000000000000000  rbx 0000000000000000  rcx 0000000000000000  rdx 0000000000000000
10-04 05:44:11.624  6383  6383 F DEBUG   :     r8  0000000000000000  r9  0000000000000000  r10 0000000000000000  r11 0000000000000000
10-04 05:44:11.624  6383  6383 F DEBUG   :     r12 0000000000000000  r13 0000000000000000  r14 0000000000000000  r15 0000000000000000
10-04 05:44:11.624  6383  6383 F DEBUG   :     rdi 0000000000000000  rsi 0000000000000000
10-04 05:44:11.624  6383  6383 F DEBUG   :     rbp 0000000000000000  rsp 0000000000000000  rip 0000000000000000
10-04 05:44:11.624  6383  6383 F DEBUG   : backtrace:
10-04 05:44:11.624  6383  6383 F DEBUG   :       #00 pc 0000000000000000  <unknown>
